EN p6 NULL //psf/home/Desktop/github/Floatingpoint-multiplier/FPM/step6_package.vhd sub00/vhpl04 1365390071
AR alt_8bit_alu behavioral //psf/home/Desktop/github/Floatingpoint-multiplier/FPM/step6_package.vhd sub00/vhpl03 1365390070
PH step6_package NULL //psf/home/Desktop/github/Floatingpoint-multiplier/FPM/step6_package.vhd sub00/vhpl00 1365390067
EN alt_8bit_alu NULL //psf/home/Desktop/github/Floatingpoint-multiplier/FPM/step6_package.vhd sub00/vhpl02 1365390069
AR fpm behavioral //psf/home/Desktop/github/Floatingpoint-multiplier/FPM/FPM.vhd sub00/vhpl06 1365390113
EN fpm NULL //psf/home/Desktop/github/Floatingpoint-multiplier/FPM/FPM.vhd sub00/vhpl05 1365390112
PB step6_package step6_package //psf/home/Desktop/github/Floatingpoint-multiplier/FPM/step6_package.vhd sub00/vhpl01 1365390068
