V3 11
FL //psf/home/Desktop/github/Floatingpoint-multiplier/FPM/FPM.vhd 2013/04/07.22:51:08 P.49d
EN work/FPM 1365390112 \
      FL //psf/home/Desktop/github/Floatingpoint-multiplier/FPM/FPM.vhd \
      PB ieee/std_logic_1164 1354696159 PB ieee/std_logic_arith 1354696160 \
      PB ieee/STD_LOGIC_UNSIGNED 1354696162 PB work/step6_package 0
AR work/FPM/behavioral 1365390113 \
      FL //psf/home/Desktop/github/Floatingpoint-multiplier/FPM/FPM.vhd \
      EN work/FPM 1365390112
FL //psf/home/Desktop/github/Floatingpoint-multiplier/FPM/step6_package.vhd 2013/04/07.23:00:30 P.49d
PH work/step6_package 0 \
      FL //psf/home/Desktop/github/Floatingpoint-multiplier/FPM/step6_package.vhd
PB work/step6_package 0 \
      FL //psf/home/Desktop/github/Floatingpoint-multiplier/FPM/step6_package.vhd \
      PH work/step6_package 0
EN work/alt_8bit_alu 0 \
      FL //psf/home/Desktop/github/Floatingpoint-multiplier/FPM/step6_package.vhd \
      PB work/step6_package 0
AR work/alt_8bit_alu/behavioral 0 \
      FL //psf/home/Desktop/github/Floatingpoint-multiplier/FPM/step6_package.vhd \
      EN work/alt_8bit_alu 0
EN work/p6 0 \
      FL //psf/home/Desktop/github/Floatingpoint-multiplier/FPM/step6_package.vhd
AR work/p6/test 0 \
      FL //psf/home/Desktop/github/Floatingpoint-multiplier/FPM/step6_package.vhd \
      EN work/p6 0 PB work/step6_package 0 AR work/alt_8bit_alu/behavioral 0 \
      CP alt_8bit_alu
